<html>
<body>
<pre>
<h1>µVision Build Log</h1>
<h2>Project:</h2>
C:\Users\Mohaned Emad\Desktop\FinalProject\Lab4.uvproj
Project File Date:  05/17/2024

<h2>Output:</h2>
Rebuild target 'IO'
compiling main.c...
assembling startup.s...
compiling Gpio.c...
compiling Gpio_cfg.c...
compiling Nokia5110.c...
compiling Gptm.c...
compiling Gptm_cfg.c...
linking...
Program Size: Code=8692 RO-data=14588 RW-data=1076 ZI-data=2268  
".\IO.axf" - 0 Error(s), 0 Warning(s).
</pre>
</body>
</html>
mpiling Gptm_cfg.c...
".\IO.axf" - 1 Error(s), 0 Warning(s).
Target not created
