<html>
<body>
<pre>
<h1>µVision Build Log</h1>
<h2>Project:</h2>
C:\Keil\Labware\PP\Lab4.uvproj
Project File Date:  05/09/2024

<h2>Output:</h2>
Rebuild target 'IO'
compiling main.c...
assembling startup.s...
compiling Gpio.c...
compiling Gpio_cfg.c...
compiling mm.c...
compiling Nokia5110.c...
compiling Gptm.c...
compiling Gptm_cfg.c...
linking...
Program Size: Code=8432 RO-data=14588 RW-data=1076 ZI-data=2268  
".\IO.axf" - 0 Error(s), 0 Warning(s).
Load "C:\\Keil\\Labware\\PP\\IO.axf" 
Connecting: Mode=JTAG, Speed=1000000Hz
Connection failed!, error code=&d
Error: Flash Download failed  -  Target DLL has been cancelled
Load "C:\\Keil\\Labware\\PP\\IO.axf" 
Connecting: Mode=JTAG, Speed=1000000Hz
Erase Done.
Programming Done.
Verify OK.
</pre>
</body>
</html>
